// Jest Snapshot v1, https://goo.gl/fbAQLP

exports[`Image Component Renders Correctly 1`] = `
Array [
  <img
    className="sc-bdfBQB kREmQd"
    height="130px"
    src="cat1.png"
    width="160px"
  />,
  <img
    className="sc-bdfBQB jbhbsW"
    height="130px"
    src="cat2.png"
    width="160px"
  />,
  <img
    className="sc-bdfBQB hgqmGJ"
    height="130px"
    src="cat1.png"
    width="160px"
  />,
  <img
    className="sc-bdfBQB beIrHm"
    height="130px"
    src="cat2.png"
    width="160px"
  />,
  <img
    className="sc-bdfBQB fBXjEW"
    height="130px"
    src="cat3.png"
    width="160px"
  />,
]
`;
